<?xml version="1.0" encoding="UTF-8"?>
<testsuites>
  <testsuite name="" tests="3" assertions="4" errors="0" warnings="0" failures="0" skipped="0" time="11.784869">
    <testsuite name="Browser Test Suite" tests="3" assertions="4" errors="0" warnings="0" failures="0" skipped="0" time="11.784869">
      <testsuite name="Tests\Browser\ExampleTest" file="C:\Users\frede\Dropbox\xampp\htdocs\dusk_e2e\tests\Browser\ExampleTest.php" tests="1" assertions="1" errors="0" warnings="0" failures="0" skipped="0" time="6.774760">
        <testcase name="testBasicExample" class="Tests\Browser\ExampleTest" classname="Tests.Browser.ExampleTest" file="C:\Users\frede\Dropbox\xampp\htdocs\dusk_e2e\tests\Browser\ExampleTest.php" line="16" assertions="1" time="6.774760"/>
      </testsuite>
      <testsuite name="Tests\Browser\LoginTest" file="C:\Users\frede\Dropbox\xampp\htdocs\dusk_e2e\tests\Browser\LoginTest.php" tests="2" assertions="3" errors="0" warnings="0" failures="0" skipped="0" time="5.010109">
        <testcase name="testExample" class="Tests\Browser\LoginTest" classname="Tests.Browser.LoginTest" file="C:\Users\frede\Dropbox\xampp\htdocs\dusk_e2e\tests\Browser\LoginTest.php" line="16" assertions="1" time="1.426503"/>
        <testcase name="testExample2" class="Tests\Browser\LoginTest" classname="Tests.Browser.LoginTest" file="C:\Users\frede\Dropbox\xampp\htdocs\dusk_e2e\tests\Browser\LoginTest.php" line="30" assertions="2" time="3.583606"/>
      </testsuite>
    </testsuite>
  </testsuite>
</testsuites>
